2026-05-22 11:16:15.167 +03:00 [INF] Dental.Web started
2026-05-22 11:16:16.169 +03:00 [WRN] The property 'ClinicPersonnel.Specialties' is a collection or enumeration type with a value converter but with no value comparer. Set a value comparer to ensure the collection/enumeration elements are compared correctly.
2026-05-22 11:16:17.026 +03:00 [INF] Now listening on: http://localhost:5180
2026-05-22 11:16:17.027 +03:00 [INF] Application started. Press Ctrl+C to shut down.
2026-05-22 11:16:17.027 +03:00 [INF] Hosting environment: Development
2026-05-22 11:16:17.028 +03:00 [INF] Content root path: C:\Users\ilhan.ulasan\Source\repos\Dental\src\Dental.Web
2026-05-22 11:45:20.996 +03:00 [WRN] Failed to determine the https port for redirect.
2026-05-22 11:45:21.063 +03:00 [INF] HTTP GET /api/personnel responded 401 in 67.5288 ms
2026-05-22 11:45:34.505 +03:00 [INF] HTTP POST /api/auth/login responded 200 in 182.7070 ms
2026-05-22 11:45:38.151 +03:00 [INF] HTTP GET /api/personnel responded 200 in 83.0922 ms
2026-05-22 11:45:40.633 +03:00 [INF] HTTP GET /api/personnel/24ca02f8-afbb-4b48-bdfe-b4a5dee7bb1f responded 200 in 10.2640 ms
2026-05-22 11:51:14.831 +03:00 [INF] HTTP POST /api/auth/login responded 200 in 200.2901 ms
2026-05-22 11:52:02.114 +03:00 [WRN] Login failed: unknown email hasta@gmail.com
2026-05-22 11:52:02.122 +03:00 [INF] HTTP POST /api/auth/login responded 401 in 14.5276 ms
2026-05-22 11:52:19.963 +03:00 [INF] HTTP POST /api/auth/login responded 200 in 99.8819 ms
2026-05-22 11:52:58.875 +03:00 [INF] HTTP GET /api/public/booking/doctors responded 200 in 32.8535 ms
2026-05-22 11:53:04.767 +03:00 [INF] HTTP GET /api/public/booking/availability responded 200 in 97.3692 ms
2026-05-22 11:53:27.666 +03:00 [INF] HTTP GET /api/public/booking/availability responded 200 in 4.7247 ms
2026-05-22 11:53:32.667 +03:00 [INF] HTTP GET /api/public/booking/availability responded 200 in 4.7922 ms
2026-05-22 11:54:00.354 +03:00 [INF] Email disabled. Would send to ilhan.ulasan@gmail.com subject Randevu talebiniz — onay bekleniyor
<p>Merhaba Ilhan Ulasan,</p>
<p>Randevu talebiniz alındı. Lütfen aşağıdaki bilgileri kontrol edip randevunuzu onaylayın.</p>
<ul>
  <li><strong>Doktor:</strong> Dr. Doktor1 Doktor</li>
  <li><strong>Tarih ve saat:</strong> 23.05.2026 09:30</li>
  <li><strong>Durum:</strong> Onay bekliyor</li>
</ul>
<p><a href="http://localhost:4300/confirm-appointment?appointmentId=bf9b19ae-ecd8-4c8c-9116-5886b3370b8b&token=B4F53FA4FE0A96A7E48433D11BA283EC877893B582362ECF98E3004DE92FB3CE">Randevumu onayla</a></p>
<p>Hesabınız henüz oluşturulmadı. Randevularınızı yönetmek ve şifrenizi belirlemek için kayıt işlemini tamamlayın:</p>
<p><a href="http://localhost:4300/complete-account?token=46C2B8CF9A9B9F5AB1CA237066877413BA89171D999AA357B8C4A9CD085682FB">Kayıt işlemini tamamla ve şifre oluştur</a></p>
<p>Bu e-postayı siz talep etmediyseniz lütfen kliniğimizle iletişime geçin.</p>
2026-05-22 11:54:00.365 +03:00 [INF] Guest booking "bf9b19ae-ecd8-4c8c-9116-5886b3370b8b" for patient "a4e350bb-e7a1-49bf-bbed-694fb461bc05" (newPatient=true)
2026-05-22 11:54:00.394 +03:00 [INF] HTTP POST /api/public/booking responded 200 in 399.1527 ms
2026-05-22 11:55:40.858 +03:00 [INF] HTTP POST /api/auth/login responded 200 in 73.3516 ms
2026-05-22 11:56:30.409 +03:00 [INF] HTTP POST /api/auth/login responded 200 in 102.8552 ms
2026-05-22 11:57:16.458 +03:00 [INF] HTTP POST /api/auth/login responded 200 in 64.2416 ms
2026-05-22 11:57:22.981 +03:00 [INF] HTTP GET /api/public/booking/doctors responded 200 in 5.1048 ms
2026-05-22 11:59:15.398 +03:00 [INF] HTTP GET /api/public/booking/doctors responded 200 in 1.7823 ms
2026-05-22 12:04:56.326 +03:00 [INF] Dental.Web started
2026-05-22 12:04:56.808 +03:00 [WRN] The property 'ClinicPersonnel.Specialties' is a collection or enumeration type with a value converter but with no value comparer. Set a value comparer to ensure the collection/enumeration elements are compared correctly.
2026-05-22 12:04:57.626 +03:00 [INF] Now listening on: http://localhost:5180
2026-05-22 12:04:57.628 +03:00 [INF] Application started. Press Ctrl+C to shut down.
2026-05-22 12:04:57.628 +03:00 [INF] Hosting environment: Development
2026-05-22 12:04:57.628 +03:00 [INF] Content root path: C:\Users\ilhan.ulasan\Source\repos\Dental\src\Dental.Web
2026-05-22 12:05:01.822 +03:00 [WRN] Failed to determine the https port for redirect.
2026-05-22 12:05:02.031 +03:00 [INF] HTTP GET /api/public/booking/doctors responded 200 in 210.3641 ms
2026-05-22 12:05:17.730 +03:00 [INF] HTTP GET /api/public/booking/availability responded 200 in 100.5822 ms
2026-05-22 12:05:23.899 +03:00 [ERR] Failed to send guest booking email for appointment "d82198b4-6880-48b9-b579-4b61b05ef82d"
System.Net.Mail.SmtpException: The SMTP server requires a secure connection or the client was not authenticated. The server response was: 5.7.0 Authentication Required. For more information, go to
   at System.Net.Mail.MailCommand.CheckResponse(SmtpStatusCode statusCode, String response)
   at System.Net.Mail.MailCommand.EndSend(IAsyncResult result)
   at System.Net.Mail.SendMailAsyncResult.SendMailFromCompleted(IAsyncResult result)
--- End of stack trace from previous location ---
   at System.Net.Mail.SendMailAsyncResult.End(IAsyncResult result)
   at System.Net.Mail.SmtpClient.SendMailCallback(IAsyncResult result)
--- End of stack trace from previous location ---
   at Dental.Web.Services.SmtpEmailSender.SendAsync(String toEmail, String subject, String htmlBody, CancellationToken ct) in C:\Users\ilhan.ulasan\Source\repos\Dental\src\Dental.Web\Services\SmtpEmailSender.cs:line 49
   at Dental.Web.Services.GuestBookingService.BookAsync(GuestBookRequest request, CancellationToken ct) in C:\Users\ilhan.ulasan\Source\repos\Dental\src\Dental.Web\Services\GuestBookingService.cs:line 171
2026-05-22 12:05:23.924 +03:00 [INF] Guest booking "d82198b4-6880-48b9-b579-4b61b05ef82d" for patient "a4e350bb-e7a1-49bf-bbed-694fb461bc05" (newPatient=false)
2026-05-22 12:05:23.927 +03:00 [INF] HTTP POST /api/public/booking responded 200 in 1276.6514 ms
2026-05-22 12:06:13.689 +03:00 [INF] HTTP POST /api/auth/login responded 200 in 117.0708 ms
2026-05-22 12:06:27.797 +03:00 [INF] HTTP GET /api/personnel/doctors-for-appointments responded 200 in 14.5988 ms
2026-05-22 12:06:27.837 +03:00 [INF] HTTP GET /api/patients responded 200 in 55.2363 ms
2026-05-22 12:06:27.887 +03:00 [INF] HTTP GET /api/appointments responded 200 in 83.6801 ms
2026-05-22 12:06:50.599 +03:00 [INF] HTTP POST /api/appointments/d82198b4-6880-48b9-b579-4b61b05ef82d/confirm responded 204 in 22.4886 ms
2026-05-22 12:06:50.612 +03:00 [INF] HTTP GET /api/appointments responded 200 in 4.2270 ms
2026-05-22 12:07:00.165 +03:00 [INF] HTTP POST /api/appointments/bf9b19ae-ecd8-4c8c-9116-5886b3370b8b/confirm responded 204 in 11.7360 ms
2026-05-22 12:07:00.176 +03:00 [INF] HTTP GET /api/appointments responded 200 in 4.0543 ms
2026-05-22 12:07:02.311 +03:00 [INF] HTTP GET /api/waitlist responded 200 in 30.6947 ms
2026-05-22 12:07:02.338 +03:00 [INF] HTTP GET /api/appointments responded 200 in 57.4282 ms
2026-05-22 12:07:19.152 +03:00 [INF] HTTP GET /api/personnel/doctors-for-appointments responded 200 in 2.4502 ms
2026-05-22 12:07:19.154 +03:00 [INF] HTTP GET /api/patients responded 200 in 4.9295 ms
2026-05-22 12:07:19.160 +03:00 [INF] HTTP GET /api/appointments responded 200 in 3.0666 ms
2026-05-22 12:22:32.861 +03:00 [INF] HTTP GET /api/public/booking/doctors responded 200 in 32.7297 ms
2026-05-22 12:22:42.111 +03:00 [INF] HTTP GET /api/public/booking/availability responded 200 in 6.0542 ms
2026-05-22 12:22:46.692 +03:00 [ERR] Failed to send guest booking email for appointment "a1999444-a15c-48cf-9916-124c87411bfd"
System.Net.Mail.SmtpException: The SMTP server requires a secure connection or the client was not authenticated. The server response was: 5.7.0 Authentication Required. For more information, go to
   at System.Net.Mail.MailCommand.CheckResponse(SmtpStatusCode statusCode, String response)
   at System.Net.Mail.MailCommand.EndSend(IAsyncResult result)
   at System.Net.Mail.SendMailAsyncResult.SendMailFromCompleted(IAsyncResult result)
--- End of stack trace from previous location ---
   at System.Net.Mail.SendMailAsyncResult.End(IAsyncResult result)
   at System.Net.Mail.SmtpClient.SendMailCallback(IAsyncResult result)
--- End of stack trace from previous location ---
   at Dental.Web.Services.SmtpEmailSender.SendAsync(String toEmail, String subject, String htmlBody, CancellationToken ct) in C:\Users\ilhan.ulasan\Source\repos\Dental\src\Dental.Web\Services\SmtpEmailSender.cs:line 49
   at Dental.Web.Services.GuestBookingService.BookAsync(GuestBookRequest request, CancellationToken ct) in C:\Users\ilhan.ulasan\Source\repos\Dental\src\Dental.Web\Services\GuestBookingService.cs:line 171
2026-05-22 12:22:46.694 +03:00 [INF] Guest booking "a1999444-a15c-48cf-9916-124c87411bfd" for patient "a4e350bb-e7a1-49bf-bbed-694fb461bc05" (newPatient=false)
2026-05-22 12:22:46.695 +03:00 [INF] HTTP POST /api/public/booking responded 200 in 1027.2918 ms
2026-05-22 12:25:36.405 +03:00 [INF] Dental.Web started
2026-05-22 12:25:36.996 +03:00 [WRN] The property 'ClinicPersonnel.Specialties' is a collection or enumeration type with a value converter but with no value comparer. Set a value comparer to ensure the collection/enumeration elements are compared correctly.
2026-05-22 12:25:37.820 +03:00 [INF] Now listening on: http://localhost:5000
2026-05-22 12:25:37.821 +03:00 [INF] Application started. Press Ctrl+C to shut down.
2026-05-22 12:25:37.821 +03:00 [INF] Hosting environment: Development
2026-05-22 12:25:37.821 +03:00 [INF] Content root path: C:\Users\ilhan.ulasan\Source\repos\Dental\src\Dental.Web
2026-05-22 12:25:37.916 +03:00 [WRN] Failed to determine the https port for redirect.
2026-05-22 12:25:38.073 +03:00 [INF] HTTP GET / responded 200 in 157.3728 ms
2026-05-22 12:25:38.516 +03:00 [INF] HTTP GET /css/site.css responded 200 in 405.7155 ms
2026-05-22 12:25:38.516 +03:00 [INF] HTTP GET /js/site.js responded 200 in 305.5419 ms
2026-05-22 12:25:38.516 +03:00 [INF] HTTP GET /Dental.Web.styles.css responded 200 in 405.6866 ms
2026-05-22 12:25:38.524 +03:00 [INF] HTTP GET /lib/bootstrap/dist/js/bootstrap.bundle.min.js responded 200 in 382.1215 ms
2026-05-22 12:25:38.524 +03:00 [INF] HTTP GET /lib/jquery/dist/jquery.min.js responded 200 in 383.4868 ms
2026-05-22 12:25:38.524 +03:00 [INF] HTTP GET /lib/bootstrap/dist/css/bootstrap.min.css responded 200 in 413.5433 ms
2026-05-22 12:25:38.554 +03:00 [INF] HTTP GET /favicon.ico responded 200 in 5.3772 ms
2026-05-22 12:27:34.860 +03:00 [INF] Dental.Web started
2026-05-22 12:27:35.436 +03:00 [WRN] The property 'ClinicPersonnel.Specialties' is a collection or enumeration type with a value converter but with no value comparer. Set a value comparer to ensure the collection/enumeration elements are compared correctly.
2026-05-22 12:27:36.496 +03:00 [INF] Now listening on: http://localhost:5000
2026-05-22 12:27:36.497 +03:00 [INF] Application started. Press Ctrl+C to shut down.
2026-05-22 12:27:36.498 +03:00 [INF] Hosting environment: Development
2026-05-22 12:27:36.498 +03:00 [INF] Content root path: C:\Users\ilhan.ulasan\Source\repos\Dental\src\Dental.Web
2026-05-22 12:27:36.593 +03:00 [WRN] Failed to determine the https port for redirect.
2026-05-22 12:27:36.736 +03:00 [INF] HTTP GET / responded 200 in 143.7315 ms
2026-05-22 12:27:36.918 +03:00 [INF] HTTP GET /css/site.css responded 200 in 143.6822 ms
2026-05-22 12:27:36.918 +03:00 [INF] HTTP GET /Dental.Web.styles.css responded 200 in 142.2185 ms
2026-05-22 12:27:36.918 +03:00 [INF] HTTP GET /js/site.js responded 200 in 44.5465 ms
2026-05-22 12:27:36.924 +03:00 [INF] HTTP GET /lib/jquery/dist/jquery.min.js responded 200 in 147.9172 ms
2026-05-22 12:27:36.924 +03:00 [INF] HTTP GET /lib/bootstrap/dist/css/bootstrap.min.css responded 200 in 149.4676 ms
2026-05-22 12:27:36.924 +03:00 [INF] HTTP GET /lib/bootstrap/dist/js/bootstrap.bundle.min.js responded 200 in 146.0476 ms
2026-05-22 12:29:14.733 +03:00 [INF] Dental.Web started
2026-05-22 12:29:15.331 +03:00 [WRN] The property 'ClinicPersonnel.Specialties' is a collection or enumeration type with a value converter but with no value comparer. Set a value comparer to ensure the collection/enumeration elements are compared correctly.
2026-05-22 12:29:16.162 +03:00 [INF] Now listening on: http://localhost:5000
2026-05-22 12:29:16.163 +03:00 [INF] Application started. Press Ctrl+C to shut down.
2026-05-22 12:29:16.163 +03:00 [INF] Hosting environment: Development
2026-05-22 12:29:16.163 +03:00 [INF] Content root path: C:\Users\ilhan.ulasan\Source\repos\Dental\src\Dental.Web
2026-05-22 12:29:16.251 +03:00 [WRN] Failed to determine the https port for redirect.
2026-05-22 12:29:16.395 +03:00 [INF] HTTP GET / responded 200 in 145.5083 ms
2026-05-22 12:29:16.644 +03:00 [INF] HTTP GET /js/site.js responded 200 in 109.4527 ms
2026-05-22 12:29:16.644 +03:00 [INF] HTTP GET /Dental.Web.styles.css responded 200 in 181.3498 ms
2026-05-22 12:29:16.644 +03:00 [INF] HTTP GET /css/site.css responded 200 in 183.1145 ms
2026-05-22 12:29:16.652 +03:00 [INF] HTTP GET /lib/jquery/dist/jquery.min.js responded 200 in 137.5922 ms
2026-05-22 12:29:16.652 +03:00 [INF] HTTP GET /lib/bootstrap/dist/css/bootstrap.min.css responded 200 in 190.3608 ms
2026-05-22 12:29:16.652 +03:00 [INF] HTTP GET /lib/bootstrap/dist/js/bootstrap.bundle.min.js responded 200 in 137.5145 ms
2026-05-22 12:31:18.060 +03:00 [INF] Dental.Web started
2026-05-22 12:31:18.624 +03:00 [WRN] The property 'ClinicPersonnel.Specialties' is a collection or enumeration type with a value converter but with no value comparer. Set a value comparer to ensure the collection/enumeration elements are compared correctly.
2026-05-22 12:31:19.552 +03:00 [INF] Now listening on: http://localhost:5180
2026-05-22 12:31:19.553 +03:00 [INF] Application started. Press Ctrl+C to shut down.
2026-05-22 12:31:19.553 +03:00 [INF] Hosting environment: Development
2026-05-22 12:31:19.553 +03:00 [INF] Content root path: C:\Users\ilhan.ulasan\Source\repos\Dental\src\Dental.Web
2026-05-22 12:31:19.638 +03:00 [WRN] Failed to determine the https port for redirect.
2026-05-22 12:31:19.742 +03:00 [INF] HTTP GET / responded 200 in 104.3714 ms
2026-05-22 12:31:20.089 +03:00 [INF] HTTP GET /css/site.css responded 200 in 279.1951 ms
2026-05-22 12:31:20.089 +03:00 [INF] HTTP GET /Dental.Web.styles.css responded 200 in 280.6396 ms
2026-05-22 12:31:20.089 +03:00 [INF] HTTP GET /js/site.js responded 200 in 210.6211 ms
2026-05-22 12:31:20.093 +03:00 [INF] HTTP GET /lib/jquery/dist/jquery.min.js responded 200 in 284.1096 ms
2026-05-22 12:31:20.093 +03:00 [INF] HTTP GET /lib/bootstrap/dist/css/bootstrap.min.css responded 200 in 284.9245 ms
2026-05-22 12:31:20.093 +03:00 [INF] HTTP GET /lib/bootstrap/dist/js/bootstrap.bundle.min.js responded 200 in 256.7483 ms
2026-05-22 12:31:20.136 +03:00 [INF] HTTP GET /favicon.ico responded 200 in 2.2330 ms
2026-05-22 12:31:31.896 +03:00 [INF] HTTP GET /api/public/booking/doctors responded 200 in 89.0755 ms
2026-05-22 12:31:39.363 +03:00 [INF] HTTP GET /api/public/booking/availability responded 200 in 78.1136 ms
2026-05-22 12:35:15.057 +03:00 [INF] Dental.Web started
2026-05-22 12:35:15.633 +03:00 [WRN] The property 'ClinicPersonnel.Specialties' is a collection or enumeration type with a value converter but with no value comparer. Set a value comparer to ensure the collection/enumeration elements are compared correctly.
2026-05-22 12:35:16.423 +03:00 [INF] Now listening on: http://localhost:5180
2026-05-22 12:35:16.424 +03:00 [INF] Application started. Press Ctrl+C to shut down.
2026-05-22 12:35:16.424 +03:00 [INF] Hosting environment: Development
2026-05-22 12:35:16.424 +03:00 [INF] Content root path: C:\Users\ilhan.ulasan\Source\repos\Dental\src\Dental.Web
2026-05-22 12:35:16.508 +03:00 [WRN] Failed to determine the https port for redirect.
2026-05-22 12:35:16.685 +03:00 [INF] HTTP GET / responded 200 in 177.6595 ms
2026-05-22 12:35:16.844 +03:00 [INF] HTTP GET /Dental.Web.styles.css responded 200 in 90.0512 ms
2026-05-22 12:35:16.844 +03:00 [INF] HTTP GET /css/site.css responded 200 in 90.2262 ms
2026-05-22 12:35:16.844 +03:00 [INF] HTTP GET /js/site.js responded 200 in 31.4216 ms
2026-05-22 12:35:16.935 +03:00 [INF] HTTP GET /lib/jquery/dist/jquery.min.js responded 200 in 143.8796 ms
2026-05-22 12:35:16.935 +03:00 [INF] HTTP GET /lib/bootstrap/dist/css/bootstrap.min.css responded 200 in 181.2276 ms
2026-05-22 12:35:16.935 +03:00 [INF] HTTP GET /lib/bootstrap/dist/js/bootstrap.bundle.min.js responded 200 in 140.4874 ms
2026-05-22 12:35:35.606 +03:00 [INF] HTTP POST /api/public/booking responded 409 in 12161.8923 ms
2026-05-22 12:36:21.002 +03:00 [INF] Dental.Web started
2026-05-22 12:36:21.577 +03:00 [WRN] The property 'ClinicPersonnel.Specialties' is a collection or enumeration type with a value converter but with no value comparer. Set a value comparer to ensure the collection/enumeration elements are compared correctly.
2026-05-22 12:36:22.378 +03:00 [INF] Now listening on: http://localhost:5180
2026-05-22 12:36:22.379 +03:00 [INF] Application started. Press Ctrl+C to shut down.
2026-05-22 12:36:22.379 +03:00 [INF] Hosting environment: Development
2026-05-22 12:36:22.379 +03:00 [INF] Content root path: C:\Users\ilhan.ulasan\Source\repos\Dental\src\Dental.Web
2026-05-22 12:36:22.475 +03:00 [WRN] Failed to determine the https port for redirect.
2026-05-22 12:36:22.586 +03:00 [INF] HTTP GET / responded 200 in 112.5086 ms
2026-05-22 12:36:22.840 +03:00 [INF] HTTP GET /js/site.js responded 200 in 38.0230 ms
2026-05-22 12:36:22.840 +03:00 [INF] HTTP GET /Dental.Web.styles.css responded 200 in 222.4794 ms
2026-05-22 12:36:22.840 +03:00 [INF] HTTP GET /css/site.css responded 200 in 222.4781 ms
2026-05-22 12:36:22.845 +03:00 [INF] HTTP GET /lib/jquery/dist/jquery.min.js responded 200 in 177.9257 ms
2026-05-22 12:36:22.845 +03:00 [INF] HTTP GET /lib/bootstrap/dist/css/bootstrap.min.css responded 200 in 230.1529 ms
2026-05-22 12:36:22.845 +03:00 [INF] HTTP GET /lib/bootstrap/dist/js/bootstrap.bundle.min.js responded 200 in 175.1687 ms
2026-05-22 12:36:45.892 +03:00 [INF] HTTP GET /api/public/booking/doctors responded 200 in 92.7227 ms
2026-05-22 12:36:51.864 +03:00 [INF] HTTP GET /api/public/booking/availability responded 200 in 75.5248 ms
2026-05-22 12:39:17.310 +03:00 [INF] Dental.Web started
2026-05-22 12:39:17.897 +03:00 [WRN] The property 'ClinicPersonnel.Specialties' is a collection or enumeration type with a value converter but with no value comparer. Set a value comparer to ensure the collection/enumeration elements are compared correctly.
2026-05-22 12:39:18.884 +03:00 [INF] Now listening on: http://localhost:5180
2026-05-22 12:39:18.885 +03:00 [INF] Application started. Press Ctrl+C to shut down.
2026-05-22 12:39:18.885 +03:00 [INF] Hosting environment: Development
2026-05-22 12:39:18.885 +03:00 [INF] Content root path: C:\Users\ilhan.ulasan\Source\repos\Dental\src\Dental.Web
2026-05-22 12:39:18.972 +03:00 [WRN] Failed to determine the https port for redirect.
2026-05-22 12:39:19.115 +03:00 [INF] HTTP GET / responded 200 in 144.8256 ms
2026-05-22 12:39:19.323 +03:00 [INF] HTTP GET /css/site.css responded 200 in 201.8019 ms
2026-05-22 12:39:19.323 +03:00 [INF] HTTP GET /Dental.Web.styles.css responded 200 in 175.4328 ms
2026-05-22 12:39:19.323 +03:00 [INF] HTTP GET /js/site.js responded 200 in 66.6435 ms
2026-05-22 12:39:19.330 +03:00 [INF] HTTP GET /lib/bootstrap/dist/js/bootstrap.bundle.min.js responded 200 in 180.4230 ms
2026-05-22 12:39:19.330 +03:00 [INF] HTTP GET /lib/jquery/dist/jquery.min.js responded 200 in 181.6172 ms
2026-05-22 12:39:19.330 +03:00 [INF] HTTP GET /lib/bootstrap/dist/css/bootstrap.min.css responded 200 in 208.9785 ms
2026-05-22 12:39:34.711 +03:00 [INF] HTTP GET /api/public/booking/doctors responded 200 in 107.2882 ms
2026-05-22 12:39:39.498 +03:00 [INF] HTTP GET /api/public/booking/doctors responded 200 in 37.8028 ms
2026-05-22 12:39:44.792 +03:00 [INF] HTTP GET /api/public/booking/availability responded 200 in 53.7630 ms
2026-05-22 12:39:54.710 +03:00 [INF] Sent email to ilhan.ulasan@gmail.com with subject Randevu talebiniz — onay bekleniyor
2026-05-22 12:39:59.334 +03:00 [INF] Guest booking "1017a288-d389-48d5-933d-26cf8d541125" for patient "a4e350bb-e7a1-49bf-bbed-694fb461bc05" (newPatient=false)
2026-05-22 12:39:59.337 +03:00 [INF] HTTP POST /api/public/booking responded 200 in 12369.2757 ms
